// Jest Snapshot v1, https://goo.gl/fbAQLP

exports[`SignUpScreen should match snapshot 1`] = `
<FullScreenTemplate
  narrow={true}
  padded={true}
>
  <SignUpFormContainer />
</FullScreenTemplate>
`;
