// Jest Snapshot v1, https://goo.gl/fbAQLP

exports[`SignInFormContainer should match snapshot 1`] = `
<Formik
  enableReinitialize={false}
  initialValues={
    Object {
      "email": "",
      "password": "",
    }
  }
  isInitialValid={false}
  onSubmit={[Function]}
  render={[Function]}
  validateOnBlur={true}
  validateOnChange={true}
  validationSchema={
    ObjectSchema {
      "_blacklist": RefSet {
        "list": Set {},
        "refs": Map {},
      },
      "_conditions": Array [],
      "_defaultDefault": [Function],
      "_deps": Array [],
      "_excludedEdges": Array [],
      "_exclusive": Object {},
      "_mutate": false,
      "_nodes": Array [
        "password",
        "email",
      ],
      "_options": Object {
        "abortEarly": true,
        "recursive": true,
      },
      "_type": "object",
      "_typeError": [Function],
      "_whitelist": RefSet {
        "list": Set {},
        "refs": Map {},
      },
      "fields": Object {
        "email": StringSchema {
          "_blacklist": RefSet {
            "list": Set {},
            "refs": Map {},
          },
          "_conditions": Array [],
          "_deps": Array [],
          "_exclusive": Object {
            "required": false,
            "undefined": false,
          },
          "_mutate": false,
          "_options": Object {
            "abortEarly": true,
            "recursive": true,
          },
          "_type": "string",
          "_typeError": [Function],
          "_whitelist": RefSet {
            "list": Set {},
            "refs": Map {},
          },
          "tests": Array [
            [Function],
            [Function],
            [Function],
          ],
          "transforms": Array [
            [Function],
          ],
        },
        "password": StringSchema {
          "_blacklist": RefSet {
            "list": Set {},
            "refs": Map {},
          },
          "_conditions": Array [],
          "_deps": Array [],
          "_exclusive": Object {
            "min": true,
            "required": false,
          },
          "_mutate": false,
          "_options": Object {
            "abortEarly": true,
            "recursive": true,
          },
          "_type": "string",
          "_typeError": [Function],
          "_whitelist": RefSet {
            "list": Set {},
            "refs": Map {},
          },
          "tests": Array [
            [Function],
            [Function],
            [Function],
          ],
          "transforms": Array [
            [Function],
          ],
        },
      },
      "tests": Array [],
      "transforms": Array [
        [Function],
      ],
    }
  }
/>
`;

exports[`SignInFormContainer should render form correctly 1`] = `
<View>
  <InputItem
    autoCapitalize="none"
    blurOnSubmit={true}
    error=""
    keyboardType="email-address"
    label="Email address"
    textContentType="emailAddress"
    touched={false}
    value="email@domain.com"
  />
  <InputItem
    blurOnSubmit={true}
    error=""
    label="Password"
    secureTextEntry={true}
    textContentType="password"
    touched={false}
    value="topsecretpassword"
  />
  <FlatButton
    buttonStyle={
      Object {
        "height": 36,
        "justifyContent": "flex-end",
      }
    }
    containerStyle={
      Object {
        "alignSelf": "flex-end",
        "top": -8,
      }
    }
    onPress={[Function]}
    title="forgot password?"
    titleStyle={
      Object {
        "fontSize": 12,
        "letterSpacing": 0.4,
      }
    }
  />
  <Component
    backgroundColor="#2196F3"
    containerStyle={
      Object {
        "marginBottom": 20,
        "marginTop": 8,
      }
    }
    loading={false}
    onPress={[MockFunction]}
    title="Sign In"
  />
</View>
`;
