// Jest Snapshot v1, https://goo.gl/fbAQLP

exports[`SettingsScreen should match snapshot 1`] = `
<FullScreenTemplate>
  <SignOutListItem />
</FullScreenTemplate>
`;
