// Jest Snapshot v1, https://goo.gl/fbAQLP

exports[`SignOutListItem should match snapshot 1`] = `
<ListItem
  icon={
    Object {
      "name": "logout-variant",
    }
  }
  onPress={[Function]}
  subtitle="After you sign out, you will need to sign in again."
  title="Sign out"
/>
`;
