// Jest Snapshot v1, https://goo.gl/fbAQLP

exports[`Icon should match snapshot 1`] = `
<Themed.Icon
  color="#2196F3"
  name="content-paste"
  type="material-community"
/>
`;
